[Message:   BepInEx] BepInEx 5.4.23.4 - NuclearOption (02.02.2026 19:24:05)
[Info   :   BepInEx] Running under Unity v2022.3.62.7762112
[Info   :   BepInEx] CLR runtime version: 4.0.30319.42000
[Info   :   BepInEx] Supports SRE: True
[Info   :   BepInEx] System platform: Bits64, Windows
[Message:   BepInEx] Preloader started
[Info   :   BepInEx] Loaded 1 patcher method from [BepInEx.Preloader 5.4.23.4]
[Info   :   BepInEx] 1 patcher plugin loaded
[Info   :   BepInEx] Patching [UnityEngine.CoreModule] with [BepInEx.Chainloader]
[Message:   BepInEx] Preloader finished
[Message:   BepInEx] Chainloader ready
[Message:   BepInEx] Chainloader started
[Info   :   BepInEx] 10 plugins to load
[Info   :   BepInEx] Loading [Configuration Manager 18.4.1]
[Info   :   BepInEx] Loading [Zircon Heavy Variant 1.0.0]
[Info   :Zircon Heavy Variant] API dump written to C:\Program Files (x86)\Steam\steamapps\common\Nuclear Option\BepInEx\plugins\zirconhv_apidump.txt
[Info   :Zircon Heavy Variant] Ищу тип Encyclopedia...
[Info   :Zircon Heavy Variant] Нашел тип Encyclopedia = Encyclopedia (Assembly-CSharp)
[Info   :Zircon Heavy Variant] ZirconHV: Harmony-patch на Encyclopedia.AfterLoad применён.
[Info   :Zircon Heavy Variant] Цикл v6 запущен ВНУТРИ Plugin (BaseUnityPlugin-объект BepInEx не удаляет): Update()-тики каждые 2,5 сек, максимум 72 попыток (~180 сек), heartbeat каждые 20 сек, каждое тело тика в try/catch. Первые ~50 сек бандлов может быть 0 — это норма (Blueprinter грузится позже).
[Info   :Zircon Heavy Variant] Zircon Heavy Variant 1.0.0 loaded. YieldKt=1000
[Info   :   BepInEx] Loading [Multi Missile Add on Pack 1.4.1]
[Info   :Multi Missile Add on Pack] Multi Missile Patches 1.4.1 "CENTER_MASS" loaded.
[Info   :   BepInEx] Loading [Blueprinter 2.0.1]
[Info   :   BepInEx] Loading [MK-88 Hydra 1.0.3]
[Info   :MK-88 Hydra] MK-88 Hydra 1.0.3 loaded (requires Blueprinter).
[Info   :   BepInEx] Loading [X-77 Warewind 1.1.3]
[Info   :X-77 Warewind] X-77 Warewind 1.1.3 loaded (requires Blueprinter).
[Info   :   BepInEx] Loading [LoadoutPresets 1.0.0]
[Info   :   BepInEx] Loading [Tsar Bomba 1.0.0]
[Info   :Tsar Bomba] Tsar Bomba 1.0.0 loaded.
[Info   :   BepInEx] Loading [NOFrameLimiter 0.0.1]
[Info   :NOFrameLimiter] Plugin NOFrameLimiter is loaded!
[Info   :NOFrameLimiter] FrameRateLimit: 70
[Info   :   BepInEx] Loading [QoL Combo Fix 1.1.5]
[Info   :QoL Combo Fix] [QolComboFix] Loaded from: C:\Program Files (x86)\Steam\steamapps\common\Nuclear Option\BepInEx\plugins\QolComboFix.dll
[Info   :QoL Combo Fix] QoL Combo Fix loaded.
[Message:   BepInEx] Chainloader startup complete
[Info   :Blueprinter] Updated game version to 0.34.1_com.nikkorap.blueprinter-v2.0.1_NOBUNDLES
[Info   :Zircon Heavy Variant] Попытка 1/72 [a]: ищу загруженный бандл Multi-Missile через GetAllLoadedAssetBundles...
[Info   :Zircon Heavy Variant] Залогирую ВСЕ загруженные бандлы (0 шт.)...
[Info   :Zircon Heavy Variant] Список имён бандлов:
[Error  :Zircon Heavy Variant] Среди 0 загруженных бандлов нет подходящего (missile/multi). См. список выше.
[Info   :Zircon Heavy Variant] Попытка 1 [a]: по API бандл не найден, пробую фолбэк BundleRegistry.Bundles...
[Info   :Zircon Heavy Variant] Ищу Blueprinter.BundleRegistry через GetTypes() по всем сборкам...
[Info   :Zircon Heavy Variant] Нашел BundleRegistry = Blueprinter.BundleRegistry
[Warning:Zircon Heavy Variant] чтение инстанс-поля Bundles: Non-static field requires a target
[Error  :Zircon Heavy Variant] Поле Bundles не найдено/пусто на BundleRegistry. Мини-дамп публичных членов:
[Info   :Zircon Heavy Variant] МИНИ-ДАМП Blueprinter.BundleRegistry:
  поля: List`1 Bundles, List`1 DuplicateMods, List`1 OutdatedMods, Boolean ScanSucceeded
  методы: FastLoad(), ScanAndLoadCoroutine(Action`1 reportStatus, Action`3 reportProgress)

[Info   :Tsar Bomba] [TsarBomba] Loaded model 'CustomNuke' from 'tsarbomba.bundle'.
[Info   :Tsar Bomba] [TsarBomba] missile#0: converted 'Mat' from 'Standard' → URP/Lit.
[Info   :Tsar Bomba] [TsarBomba] Bundle textures: Atomic_Bomb_Mat_BaseColor, Atomic_Bomb_Mat_Metallic, Atomic_Bomb_Mat_Normal, Atomic_Bomb_Mat_Roughness, internal_ground_ao_texture
[Info   :Tsar Bomba] [TsarBomba] missile#0: textures base='Atomic_Bomb_Mat_Metallic' normal='Atomic_Bomb_Mat_Normal' metal='(sliders)'.
[Info   :Tsar Bomba] [TsarBomba] missile#0: model on 'nuclearBomb1_strategic_TsarBomba' (fit x0,644, 1 rend).
[Info   :Tsar Bomba] [TsarBomba] missile: 1 renderer(s) across 1 weapon node(s).
[Info   :Tsar Bomba] [TsarBomba] mount:nuclearBomb1_strategic_internal#0: textures base='Atomic_Bomb_Mat_Metallic' normal='Atomic_Bomb_Mat_Normal' metal='(sliders)'.
[Info   :Tsar Bomba] [TsarBomba] mount:nuclearBomb1_strategic_internal#0: model on 'bomb' (fit x0,644, 1 rend).
[Info   :Tsar Bomba] [TsarBomba] mount:nuclearBomb1_strategic_internal: 1 renderer(s) across 1 weapon node(s).
[Info   :Tsar Bomba] [TsarBomba] Tsar Bomba (50 MT): ALL-AIRCRAFT → 14 aircraft, 78 hardpoint set(s).
[Info   :Zircon Heavy Variant] ZirconHV: Encyclopedia.AfterLoad postfix сработал, __instance = null
[Info   :Zircon Heavy Variant] Попытка 2/72 [a]: ищу загруженный бандл Multi-Missile через GetAllLoadedAssetBundles...
[Info   :Zircon Heavy Variant] Залогирую ВСЕ загруженные бандлы (1 шт.)...
[Info   :Zircon Heavy Variant] Список имён бандлов:
  - customnuke.bundle
[Error  :Zircon Heavy Variant] Среди 1 загруженных бандлов нет подходящего (missile/multi). См. список выше.
[Info   :Zircon Heavy Variant] Попытка 2 [a]: по API бандл не найден, пробую фолбэк BundleRegistry.Bundles...
[Info   :Zircon Heavy Variant] Ищу Blueprinter.BundleRegistry через GetTypes() по всем сборкам...
[Info   :Zircon Heavy Variant] Нашел BundleRegistry = Blueprinter.BundleRegistry
[Warning:Zircon Heavy Variant] чтение инстанс-поля Bundles: Non-static field requires a target
[Error  :Zircon Heavy Variant] Поле Bundles не найдено/пусто на BundleRegistry. Мини-дамп публичных членов:
[Info   :Zircon Heavy Variant] МИНИ-ДАМП Blueprinter.BundleRegistry:
  поля: List`1 Bundles, List`1 DuplicateMods, List`1 OutdatedMods, Boolean ScanSucceeded
  методы: FastLoad(), ScanAndLoadCoroutine(Action`1 reportStatus, Action`3 reportProgress)

[Info   :Zircon Heavy Variant] Попытка 3/72 [a]: ищу загруженный бандл Multi-Missile через GetAllLoadedAssetBundles...
[Info   :Zircon Heavy Variant] Залогирую ВСЕ загруженные бандлы (1 шт.)...
[Info   :Zircon Heavy Variant] Список имён бандлов:
  - customnuke.bundle
[Error  :Zircon Heavy Variant] Среди 1 загруженных бандлов нет подходящего (missile/multi). См. список выше.
[Info   :Zircon Heavy Variant] Попытка 3 [a]: по API бандл не найден, пробую фолбэк BundleRegistry.Bundles...
[Info   :Zircon Heavy Variant] Ищу Blueprinter.BundleRegistry через GetTypes() по всем сборкам...
[Info   :Zircon Heavy Variant] Нашел BundleRegistry = Blueprinter.BundleRegistry
[Warning:Zircon Heavy Variant] чтение инстанс-поля Bundles: Non-static field requires a target
[Error  :Zircon Heavy Variant] Поле Bundles не найдено/пусто на BundleRegistry. Мини-дамп публичных членов:
[Info   :Zircon Heavy Variant] МИНИ-ДАМП Blueprinter.BundleRegistry:
  поля: List`1 Bundles, List`1 DuplicateMods, List`1 OutdatedMods, Boolean ScanSucceeded
  методы: FastLoad(), ScanAndLoadCoroutine(Action`1 reportStatus, Action`3 reportProgress)

[Info   :Blueprinter] [BundleRegistry] Loaded mk88hydra.nobp 0.0.0 from C:\Program Files (x86)\Steam\steamapps\common\Nuclear Option\BepInEx\plugins\com.mursisru.mk88hydra\MK-88-Hydra\MK88Hydra.nobp
[Info   :Blueprinter] [BundleRegistry] Loaded multi - missile 1.4.1 from resource:Multi Missile Add on Pack:kingwixly.MultiMissilePatches.Bundle.multi missile.nobp
[Info   :Zircon Heavy Variant] Попытка 4/72 [a]: ищу загруженный бандл Multi-Missile через GetAllLoadedAssetBundles...
[Info   :Zircon Heavy Variant] Залогирую ВСЕ загруженные бандлы (3 шт.)...
[Info   :Zircon Heavy Variant] Нашел бандл по ключевому слову: "multi - missile"
[Info   :Zircon Heavy Variant] Список имён бандлов:
  - multi - missile
  - mk88hydra.nobp
  - customnuke.bundle
[Info   :Zircon Heavy Variant] Попытка 4/72 [b]: грузу zirconnuke из бандла "multi - missile"...
[Info   :Zircon Heavy Variant] Бандл содержит 347 ассетов. Ищу имя с "zirconnuke" (нормализация)...
[Warning:Zircon Heavy Variant] Ассет "assets/blueprinter/mods/multi - missile/zircon nuke/material/zircon nuke.mat" — не GameObject, пробую дальше.
[Info   :Zircon Heavy Variant] Нашел asset name: "assets/blueprinter/mods/multi - missile/zircon nuke/mounts/double external/zircon nuke double ext.prefab"
[Info   :Zircon Heavy Variant] Стадия (a)+(b) пройдена: префаб "zircon nuke double ext" (asset name: "assets/blueprinter/mods/multi - missile/zircon nuke/mounts/double external/zircon nuke double ext.prefab").
[Info   :Zircon Heavy Variant] Попытка 4/72 [c]: ищу Encyclopedia (Resources.FindObjectsOfTypeAll)...
[Info   :Zircon Heavy Variant] Ищу тип Encyclopedia...
[Info   :Zircon Heavy Variant] Нашел тип Encyclopedia = Encyclopedia (Assembly-CSharp)
[Info   :Zircon Heavy Variant] Нашел тип Encyclopedia = Encyclopedia
[Warning:Zircon Heavy Variant] ZirconHV: Resources.FindObjectsOfTypeAll<Encyclopedia> упал: Ambiguous match found.
[Info   :Zircon Heavy Variant] Попытка 4 [c]:尚无 Encyclopedia 实例，稍后再试 (postfix-статика и поллинг пусты)...
[Info   :NOFrameLimiter] FrameRateLimit: 70
[Info   :Blueprinter] [BundleRegistry] Loaded x77warewind.nobp 0.0.0 from C:\Program Files (x86)\Steam\steamapps\common\Nuclear Option\BepInEx\plugins\com.mursisru.x77warewind\X-77-Warewind\X77Warewind.nobp
[Info   :Zircon Heavy Variant] Попытка 5/72 [c]: ищу Encyclopedia (Resources.FindObjectsOfTypeAll)...
[Info   :Zircon Heavy Variant] Ищу тип Encyclopedia...
[Info   :Zircon Heavy Variant] Нашел тип Encyclopedia = Encyclopedia (Assembly-CSharp)
[Info   :Zircon Heavy Variant] Нашел тип Encyclopedia = Encyclopedia
[Warning:Zircon Heavy Variant] ZirconHV: Resources.FindObjectsOfTypeAll<Encyclopedia> упал: Ambiguous match found.
[Info   :Zircon Heavy Variant] Попытка 5 [c]:尚无 Encyclopedia 实例，稍后再试 (postfix-статика и поллинг пусты)...
[Warning:Blueprinter] [Ops] Aircraft Aryx_F16M_KingViper not found
[Warning:Blueprinter] [Ops] Aircraft Aryx_MC260_Chimera not found
[Warning:Blueprinter] [Ops] Aircraft P_Trisurface1 not found
[Warning:Blueprinter] [Ops] Aircraft Aryx_F22E_StrikeRaptor not found
[Warning:Blueprinter] [Ops] Aircraft Aryx_Interceptor1 not found
[Warning:Blueprinter] [Ops] Aircraft P_Trisurface1 not found
[Warning:Blueprinter] [Ops] Aircraft Aryx_F22E_StrikeRaptor not found
[Warning:Blueprinter] [Ops] Aircraft Aryx_Interceptor1 not found
[Warning:Blueprinter] [Ops] Aircraft Aryx_F22E_StrikeRaptor not found
[Warning:Blueprinter] [Ops] Aircraft Aryx_F16M_KingViper not found
[Warning:Blueprinter] [Ops] Aircraft Aryx_Interceptor1 not found
[Warning:Blueprinter] [Ops] Aircraft P_Trisurface1 not found
[Warning:Blueprinter] [Ops] Aircraft Aryx_F22E_StrikeRaptor not found
[Warning:Blueprinter] [Ops] Aircraft Aryx_F16M_KingViper not found
[Warning:Blueprinter] [Ops] Aircraft Aryx_MC260_Chimera not found
[Warning:Blueprinter] [Ops] Aircraft P_Trisurface1 not found
[Warning:Blueprinter] [Ops] Aircraft Aryx_F22E_StrikeRaptor not found
[Warning:Blueprinter] [Ops] Aircraft Aryx_F16M_KingViper not found
[Warning:Blueprinter] [Ops] Aircraft Aryx_MC260_Chimera not found
[Warning:Blueprinter] [Ops] Aircraft Aryx_F16M_KingViper not found
[Warning:Blueprinter] [Ops] Aircraft Aryx_Interceptor1 not found
[Warning:Blueprinter] [Ops] Aircraft Aryx_MC260_Chimera not found
[Warning:Blueprinter] [Ops] Aircraft P_Trisurface1 not found
[Warning:Blueprinter] [Ops] Aircraft Aryx_F22E_StrikeRaptor not found
[Warning:Blueprinter] [Ops] Aircraft Aryx_F16M_KingViper not found
[Warning:Blueprinter] [Ops] Aircraft Aryx_Interceptor1 not found
[Warning:Blueprinter] [Ops] Aircraft Aryx_MC260_Chimera not found
[Warning:Blueprinter] [Ops] Aircraft P_Trisurface1 not found
[Warning:Blueprinter] [Ops] Aircraft Aryx_F22E_StrikeRaptor not found
[Warning:Blueprinter] [Ops] Aircraft Aryx_F22E_StrikeRaptor not found
[Warning:Blueprinter] [Ops] Aircraft Aryx_F22E_StrikeRaptor not found
[Warning:Blueprinter] [Ops] Aircraft Aryx_F16M_KingViper not found
[Warning:Blueprinter] [Ops] Aircraft Aryx_F16M_KingViper not found
[Warning:Blueprinter] [Ops] Aircraft Aryx_F16M_KingViper not found
[Warning:Blueprinter] [Ops] Aircraft Aryx_MC260_Chimera not found
[Warning:Blueprinter] [Ops] Aircraft P_Trisurface1 not found
[Warning:Blueprinter] [Ops] Aircraft Aryx_F22E_StrikeRaptor not found
[Warning:Blueprinter] [Ops] Aircraft Aryx_Interceptor1 not found
[Warning:Blueprinter] [Ops] Aircraft P_Trisurface1 not found
[Warning:Blueprinter] [Ops] Aircraft Aryx_F22E_StrikeRaptor not found
[Warning:Blueprinter] [Ops] Aircraft Aryx_Interceptor1 not found
[Warning:Blueprinter] [Ops] Aircraft Aryx_F22E_StrikeRaptor not found
[Warning:Blueprinter] [Ops] Aircraft Aryx_F16M_KingViper not found
[Warning:Blueprinter] [Ops] Aircraft Aryx_Interceptor1 not found
[Warning:Blueprinter] [Ops] Aircraft P_Trisurface1 not found
[Warning:Blueprinter] [Ops] Aircraft Aryx_F22E_StrikeRaptor not found
[Warning:Blueprinter] [Ops] Aircraft Aryx_F16M_KingViper not found
[Warning:Blueprinter] [Ops] Aircraft Aryx_MC260_Chimera not found
[Warning:Blueprinter] [Ops] Aircraft P_Trisurface1 not found
[Warning:Blueprinter] [Ops] Aircraft Aryx_F22E_StrikeRaptor not found
[Warning:Blueprinter] [Ops] Aircraft Aryx_F16M_KingViper not found
[Warning:Blueprinter] [Ops] Aircraft Aryx_F16M_KingViper not found
[Warning:Blueprinter] [Ops] Aircraft Aryx_Interceptor1 not found
[Warning:Blueprinter] [Ops] Aircraft Aryx_MC260_Chimera not found
[Warning:Blueprinter] [Ops] Aircraft P_Trisurface1 not found
[Warning:Blueprinter] [Ops] Aircraft Aryx_F22E_StrikeRaptor not found
[Warning:Blueprinter] [Ops] Aircraft Aryx_F16M_KingViper not found
[Warning:Blueprinter] [Ops] Aircraft Aryx_Interceptor1 not found
[Warning:Blueprinter] [Ops] Aircraft Aryx_MC260_Chimera not found
[Warning:Blueprinter] [Ops] Aircraft P_Trisurface1 not found
[Warning:Blueprinter] [Ops] Aircraft Aryx_F22E_StrikeRaptor not found
[Warning:Blueprinter] [Ops] Aircraft Aryx_F22E_StrikeRaptor not found
[Warning:Blueprinter] [Ops] Aircraft Aryx_F22E_StrikeRaptor not found
[Warning:Blueprinter] [Ops] Aircraft Aryx_F16M_KingViper not found
[Warning:Blueprinter] [Ops] Aircraft Aryx_Interceptor1 not found
[Warning:Blueprinter] [Ops] Aircraft Aryx_MC260_Chimera not found
[Warning:Blueprinter] [Ops] Aircraft P_Trisurface1 not found
[Warning:Blueprinter] [Ops] Aircraft Aryx_F22E_StrikeRaptor not found
[Warning:Blueprinter] [Ops] Aircraft Aryx_Interceptor1 not found
[Warning:Blueprinter] [Ops] Aircraft Aryx_MC260_Chimera not found
[Warning:Blueprinter] [Ops] Aircraft Aryx_F22E_StrikeRaptor not found
[Warning:Blueprinter] [Ops] Aircraft Aryx_F16M_KingViper not found
[Warning:Blueprinter] [Ops] Aircraft Aryx_Interceptor1 not found
[Warning:Blueprinter] [Ops] Aircraft Aryx_LightFighter1 not found
[Warning:Blueprinter] [Ops] Aircraft Aryx_F16M_KingViper not found
[Warning:Blueprinter] [Ops] Aircraft Aryx_MC260_Chimera not found
[Warning:Blueprinter] [Ops] Aircraft P_Trisurface1 not found
[Warning:Blueprinter] [Ops] Aircraft Aryx_F22E_StrikeRaptor not found
[Warning:Blueprinter] [Ops] Aircraft Aryx_MC260_Chimera not found
[Warning:Blueprinter] [Ops] Aircraft Aryx_F16M_KingViper not found
[Warning:Blueprinter] [Ops] Aircraft Aryx_Interceptor1 not found
[Warning:Blueprinter] [Ops] Aircraft Aryx_MC260_Chimera not found
[Warning:Blueprinter] [Ops] Aircraft P_Trisurface1 not found
[Warning:Blueprinter] [Ops] Aircraft Aryx_F22E_StrikeRaptor not found
[Warning:Blueprinter] [Ops] Aircraft Aryx_F16M_KingViper not found
[Warning:Blueprinter] [Ops] Aircraft Aryx_Interceptor1 not found
[Warning:Blueprinter] [Ops] Aircraft Aryx_MC260_Chimera not found
[Warning:Blueprinter] [Ops] Aircraft P_Trisurface1 not found
[Warning:Blueprinter] [Ops] Aircraft Aryx_MiG-15 not found
[Warning:Blueprinter] [Ops] Aircraft Aryx_Interceptor1 not found
[Warning:Blueprinter] [Ops] Aircraft Aryx_LightFighter1 not found
[Warning:Blueprinter] [Ops] Aircraft P_Trisurface1 not found
[Warning:Blueprinter] [Ops] Aircraft Aryx_F16M_KingViper not found
[Warning:Blueprinter] [Ops] Aircraft Aryx_Interceptor1 not found
[Warning:Blueprinter] [Ops] Aircraft Aryx_LightHelicopter1 not found
[Warning:Blueprinter] [Ops] Aircraft P_Trisurface1 not found
[Warning:Blueprinter] [Ops] Aircraft Aryx_MiG-15 not found
[Warning:Blueprinter] [Ops] Aircraft Aryx_LightFighter1 not found
[Warning:Blueprinter] [Ops] Aircraft P_Trisurface1 not found
[Warning:Blueprinter] [Ops] Aircraft Aryx_F22E_StrikeRaptor not found
[Warning:Blueprinter] [Ops] Aircraft Aryx_F16M_KingViper not found
[Warning:Blueprinter] [Ops] Aircraft Aryx_MC260_Chimera not found
[Warning:Blueprinter] [Ops] Aircraft P_Trisurface1 not found
[Warning:Blueprinter] [Ops] Aircraft Aryx_MiG-15 not found
[Warning:Blueprinter] [Ops] Aircraft Aryx_F16M_KingViper not found
[Warning:Blueprinter] [Ops] Aircraft Aryx_PropAttacker1 not found
[Warning:Blueprinter] [Ops] Aircraft Aryx_F16M_KingViper not found
[Warning:Blueprinter] [Ops] Aircraft Aryx_MC260_Chimera not found
[Warning:Blueprinter] [Ops] Aircraft P_Trisurface1 not found
[Warning:Blueprinter] [Ops] Aircraft Aryx_F22E_StrikeRaptor not found
[Warning:Blueprinter] [Ops] Aircraft Aryx_Interceptor1 not found
[Warning:Blueprinter] [Ops] Aircraft P_Trisurface1 not found
[Warning:Blueprinter] [Ops] Aircraft Aryx_F22E_StrikeRaptor not found
[Warning:Blueprinter] [Ops] Aircraft Aryx_Interceptor1 not found
[Warning:Blueprinter] [Ops] Aircraft Aryx_F22E_StrikeRaptor not found
[Warning:Blueprinter] [Ops] Aircraft Aryx_F16M_KingViper not found
[Warning:Blueprinter] [Ops] Aircraft Aryx_Interceptor1 not found
[Warning:Blueprinter] [Ops] Aircraft P_Trisurface1 not found
[Warning:Blueprinter] [Ops] Aircraft Aryx_F22E_StrikeRaptor not found
[Warning:Blueprinter] [Ops] Aircraft Aryx_F16M_KingViper not found
[Warning:Blueprinter] [Ops] Aircraft Aryx_MC260_Chimera not found
[Warning:Blueprinter] [Ops] Aircraft P_Trisurface1 not found
[Warning:Blueprinter] [Ops] Aircraft Aryx_F22E_StrikeRaptor not found
[Warning:Blueprinter] [Ops] Aircraft Aryx_F16M_KingViper not found
[Warning:Blueprinter] [Ops] Aircraft Aryx_F22E_StrikeRaptor not found
[Warning:Blueprinter] [Ops] Aircraft Aryx_F16M_KingViper not found
[Warning:Blueprinter] [Ops] Aircraft Aryx_Interceptor1 not found
[Warning:Blueprinter] [Ops] Aircraft Aryx_MC260_Chimera not found
[Warning:Blueprinter] [Ops] Aircraft Aryx_LightFighter1 not found
[Warning:Blueprinter] [Ops] Aircraft P_Trisurface1 not found
[Warning:Blueprinter] [Ops] Aircraft Aryx_F22E_StrikeRaptor not found
[Warning:Blueprinter] [Ops] Aircraft Aryx_F16M_KingViper not found
[Warning:Blueprinter] [Ops] Aircraft Aryx_Interceptor1 not found
[Warning:Blueprinter] [Ops] Aircraft Aryx_MC260_Chimera not found
[Warning:Blueprinter] [Ops] Aircraft Aryx_LightFighter1 not found
[Warning:Blueprinter] [Ops] Aircraft P_Trisurface1 not found
[Warning:Blueprinter] [Ops] Aircraft Aryx_Interceptor1 not found
[Warning:Blueprinter] [Ops] Aircraft Aryx_LightFighter1 not found
[Warning:Blueprinter] [Ops] Aircraft P_Trisurface1 not found
[Warning:Blueprinter] [Ops] Aircraft Aryx_F22E_StrikeRaptor not found
[Warning:Blueprinter] [Ops] Aircraft Aryx_F16M_KingViper not found
[Warning:Blueprinter] [Ops] Aircraft Aryx_Interceptor1 not found
[Warning:Blueprinter] [Ops] Aircraft Aryx_LightFighter1 not found
[Warning:Blueprinter] [Ops] Aircraft P_Trisurface1 not found
[Warning:Blueprinter] [Ops] Aircraft Aryx_MC260_Chimera not found
[Warning:Blueprinter] [Ops] Aircraft Aryx_LightFighter1 not found
[Warning:Blueprinter] [Ops] Aircraft Aryx_PropAttacker1 not found
[Warning:Blueprinter] [Ops] Aircraft P_Trisurface1 not found
[Warning:Blueprinter] [Ops] Aircraft Aryx_F22E_StrikeRaptor not found
[Warning:Blueprinter] [Ops] Aircraft Aryx_F16M_KingViper not found
[Warning:Blueprinter] [Ops] Aircraft Aryx_MiG-15 not found
[Warning:Blueprinter] [Ops] Aircraft Aryx_F22E_StrikeRaptor not found
[Warning:Blueprinter] [Ops] Aircraft Aryx_MC260_Chimera not found
[Warning:Blueprinter] [Ops] Aircraft Aryx_F16M_KingViper not found
[Warning:Blueprinter] [Ops] Aircraft P_Trisurface1 not found
[Warning:Blueprinter] [Ops] Aircraft Aryx_PropAttacker1 not found
[Warning:Blueprinter] [Ops] Aircraft Aryx_F16M_KingViper not found
[Warning:Blueprinter] [Ops] Aircraft Aryx_MiG-15 not found
[Warning:Blueprinter] [Ops] Aircraft Aryx_F16M_KingViper not found
[Warning:Blueprinter] [Ops] Aircraft Aryx_Interceptor1 not found
[Warning:Blueprinter] [Ops] Aircraft Aryx_LightFighter1 not found
[Warning:Blueprinter] [Ops] Aircraft P_Trisurface1 not found
[Warning:Blueprinter] [Ops] Aircraft Aryx_F22E_StrikeRaptor not found
[Warning:Blueprinter] [Ops] Aircraft P_Trisurface1 not found
[Warning:Blueprinter] [Ops] Aircraft Aryx_F22E_StrikeRaptor not found
[Warning:Blueprinter] [Ops] Aircraft Aryx_F16M_KingViper not found
[Warning:Blueprinter] [Ops] Aircraft P_Trisurface1 not found
[Warning:Blueprinter] [Ops] Aircraft Aryx_MC260_Chimera not found
[Warning:Blueprinter] [Ops] Aircraft Aryx_MC260_Chimera not found
[Warning:Blueprinter] [Ops] Aircraft Aryx_F16M_KingViper not found
[Warning:Blueprinter] [Ops] Aircraft P_Trisurface1 not found
[Warning:Blueprinter] [Ops] Aircraft Aryx_LightFighter1 not found
[Warning:Blueprinter] [Ops] Aircraft Aryx_Interceptor1 not found
[Warning:Blueprinter] [Ops] Aircraft Aryx_PropAttacker1 not found
[Warning:Blueprinter] [Ops] Aircraft Aryx_MiG-15 not found
[Warning:Blueprinter] [Ops] Aircraft Aryx_Interceptor1 not found
[Warning:Blueprinter] [Ops] Aircraft Aryx_MC260_Chimera not found
[Warning:Blueprinter] [Ops] Aircraft Aryx_MC260_Chimera not found
[Warning:Blueprinter] [Ops] Aircraft Aryx_MC260_Chimera not found
[Warning:Blueprinter] [Ops] Aircraft Aryx_Interceptor1 not found
[Warning:Blueprinter] [Ops] Aircraft Aryx_MC260_Chimera not found
[Warning:Blueprinter] [Ops] Aircraft Aryx_MC260_Chimera not found
[Warning:Blueprinter] [Ops] Aircraft Aryx_MC260_Chimera not found
[Warning:Blueprinter] [Ops] Aircraft Aryx_Interceptor1 not found
[Warning:Blueprinter] [Ops] Aircraft Aryx_MC260_Chimera not found
[Warning:Blueprinter] [Ops] Aircraft Aryx_MC260_Chimera not found
[Info   :MK-88 Hydra] Reusing loaded AssetBundle 'mk88hydra.nobp'
[Info   :MK-88 Hydra] Torpedo visual ready: 'TorpedoVisual'
[Info   :MK-88 Hydra] MK54 warhead FX TBM air=True shockwave=True
[Info   :MK-88 Hydra] Created MissileDefinition from shell 'bomb_glide1' (unitPrefab shared, read-only).
[Info   :MK-88 Hydra] VisualShader: primed 'Universal Render Pipeline/Lit' from 'bomb_glide1/bomb_glide1'
[Info   :MK-88 Hydra] Hydra preview icon 1920x1080
[Warning:MK-88 Hydra] [template] 'MissilePack_MK54_MountPrefab' has no NetworkIdentity
[Info   :MK-88 Hydra] VisualFit 'TorpedoVisual' snap=PylonAttach scale=0,380 localPos=(0.00, -0.05, 0.00) worldBounds=(1.89, 1.48, 5.65)
[Info   :MK-88 Hydra] Kozuch texture loaded (2048x2048)
[Info   :MK-88 Hydra] VisualMaterials: painted 'TorpedoVisual' renderers=7 texOk=7 texMiss=0 shader=Universal Render Pipeline/Lit templated=True
[Info   :MK-88 Hydra] StampVisual parent='bomb' visLocal=(0.00, -0.05, 0.00)
[Info   :MK-88 Hydra] Created WeaponMount 'MissilePack_MK54_Torpedo_single' x1 from shell 'bomb_glide1_triple'.
[Warning:MK-88 Hydra] [template] 'MissilePack_MK54_MountPrefab_Double' has no NetworkIdentity
[Info   :MK-88 Hydra] VisualFit 'TorpedoVisual' snap=PylonAttach scale=0,380 localPos=(0.00, -0.05, 0.00) worldBounds=(1.89, 1.48, 5.65)
[Info   :MK-88 Hydra] VisualMaterials: painted 'TorpedoVisual' renderers=7 texOk=7 texMiss=0 shader=Universal Render Pipeline/Lit templated=True
[Info   :MK-88 Hydra] StampVisual parent='cruiseMissile1' visLocal=(0.00, -0.05, 0.00)
[Info   :MK-88 Hydra] VisualFit 'TorpedoVisual' snap=PylonAttach scale=0,380 localPos=(0.00, -0.05, 0.00) worldBounds=(1.89, 1.48, 5.65)
[Info   :MK-88 Hydra] VisualMaterials: painted 'TorpedoVisual' renderers=7 texOk=7 texMiss=0 shader=Universal Render Pipeline/Lit templated=True
[Info   :MK-88 Hydra] StampVisual parent='cruiseMissile1 (1)' visLocal=(0.00, -0.05, 0.00)
[Info   :MK-88 Hydra] Created WeaponMount 'MissilePack_MK54_Torpedo_double' x2 from shell 'BallisticMissile1_internalx2'.
[Info   :MK-88 Hydra] HardpointInjector: added torpedo mount(s) to 7 hardpoint set(s) (add-only).
[Info   :MK-88 Hydra] MK54 chute donor maxRadius=0,80m → use 2,40m (×3) drag=200,0
[Info   :MK-88 Hydra] Parachute donor='nuclearBomb1' score=50
[Info   :MK-88 Hydra] MK54 maxRange=80km (air+swim)
[Info   :MK-88 Hydra] Torpedo ready: def=missilepack_mk54_torpedo mount=MissilePack_MK54_Torpedo_single visual=True
[Info   :X-77 Warewind] Reusing loaded AssetBundle 'x77warewind.nobp'
[Info   :X-77 Warewind] Warewind visual ready: 'WarewindVisual'
[Info   :X-77 Warewind] Warewind flare prefab from 'COIN'
[Info   :X-77 Warewind] Warewind TBM trails captured=1
[Info   :X-77 Warewind] Warewind TBM FX captured from 'ballisticMissile1' ps=1 audio=2
[Info   :X-77 Warewind] Warewind AAM trails captured=1
[Info   :X-77 Warewind] Warewind blast TBM FX air=True shockwave=True armor=True fallbackFrag=False
[Info   :X-77 Warewind] Warewind TBM armor from 'ballisticMissile1' hp=100 tier=0,1 pierce=20/5,0
[Info   :X-77 Warewind] Warewind motors booster TWR=3,0 F=82404N sustain TWR=2,40 F=47559N
[Info   :X-77 Warewind] WarewindRangeTune finArea=1,971 ref=450km max=542km
[Info   :X-77 Warewind] WarewindCalcProxy ready range=450km burn=150s dV=14731km/h.
[Info   :X-77 Warewind] VisualShader: primed 'Universal Render Pipeline/Lit' from 'AAM2/AAM2'
[Info   :X-77 Warewind] Warewind donor motor thrust=14000 fuel=30 burn=6s top=299792400
[Info   :X-77 Warewind] Warewind uses stock unitPrefab 'AAM2' jsonKey=AAM2 (no custom PrefabHash).
[Info   :X-77 Warewind] Created Warewind definition from shell 'AAM2'.
[Info   :X-77 Warewind] Warewind preview icon 1920x1080
[Warning:X-77 Warewind] [template] 'MissilePack_X77_MountPrefab' has no NetworkIdentity
[Info   :X-77 Warewind] VisualFit yaw180 (aft was forward) 'WarewindVisual'
[Info   :X-77 Warewind] VisualFit FBX-size 'WarewindVisual' snap=PylonAttach scale=0,80 localPos=(0.00, -0.05, 0.00) worldBounds=(2.06, 1.59, 11.75)
[Info   :X-77 Warewind] VisualMaterials FBX-look 'WarewindVisual' slots=8 cull=Off shader=Universal Render Pipeline/Lit
[Info   :X-77 Warewind] Warewind stamp host='MissilePack_X77_MountPrefab' parent='ballisticMissile' renderers=3 live=False
[Info   :X-77 Warewind] HardpointInjector: added 'X-77 Warewind' to 4 hardpoint set(s) (add-only).
[Info   :X-77 Warewind] Warewind ready def=missilepack_x77_warewind visual=True
[Info   :Blueprinter] [Plugin] Done in 9,05s
[Info   :Zircon Heavy Variant] Попытка 6/72 [c]: ищу Encyclopedia (Resources.FindObjectsOfTypeAll)...
[Info   :Zircon Heavy Variant] Ищу тип Encyclopedia...
[Info   :Zircon Heavy Variant] Нашел тип Encyclopedia = Encyclopedia (Assembly-CSharp)
[Info   :Zircon Heavy Variant] Нашел тип Encyclopedia = Encyclopedia
[Warning:Zircon Heavy Variant] ZirconHV: Resources.FindObjectsOfTypeAll<Encyclopedia> упал: Ambiguous match found.
[Info   :Zircon Heavy Variant] Попытка 6 [c]:尚无 Encyclopedia 实例，稍后再试 (postfix-статика и поллинг пусты)...
[Info   :Zircon Heavy Variant] Попытка 7/72 [c]: ищу Encyclopedia (Resources.FindObjectsOfTypeAll)...
[Info   :Zircon Heavy Variant] Ищу тип Encyclopedia...
[Info   :Zircon Heavy Variant] Нашел тип Encyclopedia = Encyclopedia (Assembly-CSharp)
[Info   :Zircon Heavy Variant] Нашел тип Encyclopedia = Encyclopedia
[Warning:Zircon Heavy Variant] ZirconHV: Resources.FindObjectsOfTypeAll<Encyclopedia> упал: Ambiguous match found.
[Info   :Zircon Heavy Variant] Попытка 7 [c]:尚无 Encyclopedia 实例，稍后再试 (postfix-статика и поллинг пусты)...
[Info   :Zircon Heavy Variant] Попытка 8/72 [c]: ищу Encyclopedia (Resources.FindObjectsOfTypeAll)...
[Info   :Zircon Heavy Variant] Ищу тип Encyclopedia...
[Info   :Zircon Heavy Variant] Нашел тип Encyclopedia = Encyclopedia (Assembly-CSharp)
[Info   :Zircon Heavy Variant] Нашел тип Encyclopedia = Encyclopedia
[Warning:Zircon Heavy Variant] ZirconHV: Resources.FindObjectsOfTypeAll<Encyclopedia> упал: Ambiguous match found.
[Info   :Zircon Heavy Variant] Попытка 8 [c]:尚无 Encyclopedia 实例，稍后再试 (postfix-статика и поллинг пусты)...
[Info   :Zircon Heavy Variant] Runner жив, попытка 8/72, стадия: c) ожидание Encyclopedia
[Info   :Zircon Heavy Variant] Попытка 9/72 [c]: ищу Encyclopedia (Resources.FindObjectsOfTypeAll)...
[Info   :Zircon Heavy Variant] Ищу тип Encyclopedia...
[Info   :Zircon Heavy Variant] Нашел тип Encyclopedia = Encyclopedia (Assembly-CSharp)
[Info   :Zircon Heavy Variant] Нашел тип Encyclopedia = Encyclopedia
[Warning:Zircon Heavy Variant] ZirconHV: Resources.FindObjectsOfTypeAll<Encyclopedia> упал: Ambiguous match found.
[Info   :Zircon Heavy Variant] Попытка 9 [c]:尚无 Encyclopedia 实例，稍后再试 (postfix-статика и поллинг пусты)...
[Info   :Zircon Heavy Variant] Попытка 10/72 [c]: ищу Encyclopedia (Resources.FindObjectsOfTypeAll)...
[Info   :Zircon Heavy Variant] Ищу тип Encyclopedia...
[Info   :Zircon Heavy Variant] Нашел тип Encyclopedia = Encyclopedia (Assembly-CSharp)
[Info   :Zircon Heavy Variant] Нашел тип Encyclopedia = Encyclopedia
[Warning:Zircon Heavy Variant] ZirconHV: Resources.FindObjectsOfTypeAll<Encyclopedia> упал: Ambiguous match found.
[Info   :Zircon Heavy Variant] Попытка 10 [c]:尚无 Encyclopedia 实例，稍后再试 (postfix-статика и поллинг пусты)...
[Info   :Zircon Heavy Variant] Попытка 11/72 [c]: ищу Encyclopedia (Resources.FindObjectsOfTypeAll)...
[Info   :Zircon Heavy Variant] Ищу тип Encyclopedia...
[Info   :Zircon Heavy Variant] Нашел тип Encyclopedia = Encyclopedia (Assembly-CSharp)
[Info   :Zircon Heavy Variant] Нашел тип Encyclopedia = Encyclopedia
[Warning:Zircon Heavy Variant] ZirconHV: Resources.FindObjectsOfTypeAll<Encyclopedia> упал: Ambiguous match found.
[Info   :Zircon Heavy Variant] Попытка 11 [c]:尚无 Encyclopedia 实例，稍后再试 (postfix-статика и поллинг пусты)...
[Info   :Zircon Heavy Variant] Попытка 12/72 [c]: ищу Encyclopedia (Resources.FindObjectsOfTypeAll)...
[Info   :Zircon Heavy Variant] Ищу тип Encyclopedia...
[Info   :Zircon Heavy Variant] Нашел тип Encyclopedia = Encyclopedia (Assembly-CSharp)
[Info   :Zircon Heavy Variant] Нашел тип Encyclopedia = Encyclopedia
[Warning:Zircon Heavy Variant] ZirconHV: Resources.FindObjectsOfTypeAll<Encyclopedia> упал: Ambiguous match found.
[Info   :Zircon Heavy Variant] Попытка 12 [c]:尚无 Encyclopedia 实例，稍后再试 (postfix-статика и поллинг пусты)...
[Info   :Zircon Heavy Variant] Попытка 13/72 [c]: ищу Encyclopedia (Resources.FindObjectsOfTypeAll)...
[Info   :Zircon Heavy Variant] Ищу тип Encyclopedia...
[Info   :Zircon Heavy Variant] Нашел тип Encyclopedia = Encyclopedia (Assembly-CSharp)
[Info   :Zircon Heavy Variant] Нашел тип Encyclopedia = Encyclopedia
[Warning:Zircon Heavy Variant] ZirconHV: Resources.FindObjectsOfTypeAll<Encyclopedia> упал: Ambiguous match found.
[Info   :Zircon Heavy Variant] Попытка 13 [c]:尚无 Encyclopedia 实例，稍后再试 (postfix-статика и поллинг пусты)...
[Info   :Zircon Heavy Variant] Попытка 14/72 [c]: ищу Encyclopedia (Resources.FindObjectsOfTypeAll)...
[Info   :Zircon Heavy Variant] Ищу тип Encyclopedia...
[Info   :Zircon Heavy Variant] Нашел тип Encyclopedia = Encyclopedia (Assembly-CSharp)
[Info   :Zircon Heavy Variant] Нашел тип Encyclopedia = Encyclopedia
[Warning:Zircon Heavy Variant] ZirconHV: Resources.FindObjectsOfTypeAll<Encyclopedia> упал: Ambiguous match found.
[Info   :Zircon Heavy Variant] Попытка 14 [c]:尚无 Encyclopedia 实例，稍后再试 (postfix-статика и поллинг пусты)...
[Info   :Zircon Heavy Variant] Попытка 15/72 [c]: ищу Encyclopedia (Resources.FindObjectsOfTypeAll)...
[Info   :Zircon Heavy Variant] Ищу тип Encyclopedia...
[Info   :Zircon Heavy Variant] Нашел тип Encyclopedia = Encyclopedia (Assembly-CSharp)
[Info   :Zircon Heavy Variant] Нашел тип Encyclopedia = Encyclopedia
[Warning:Zircon Heavy Variant] ZirconHV: Resources.FindObjectsOfTypeAll<Encyclopedia> упал: Ambiguous match found.
[Info   :Zircon Heavy Variant] Попытка 15 [c]:尚无 Encyclopedia 实例，稍后再试 (postfix-статика и поллинг пусты)...
[Info   :Zircon Heavy Variant] Попытка 16/72 [c]: ищу Encyclopedia (Resources.FindObjectsOfTypeAll)...
[Info   :Zircon Heavy Variant] Ищу тип Encyclopedia...
[Info   :Zircon Heavy Variant] Нашел тип Encyclopedia = Encyclopedia (Assembly-CSharp)
[Info   :Zircon Heavy Variant] Нашел тип Encyclopedia = Encyclopedia
[Warning:Zircon Heavy Variant] ZirconHV: Resources.FindObjectsOfTypeAll<Encyclopedia> упал: Ambiguous match found.
[Info   :Zircon Heavy Variant] Попытка 16 [c]:尚无 Encyclopedia 实例，稍后再试 (postfix-статика и поллинг пусты)...
[Info   :Zircon Heavy Variant] Попытка 17/72 [c]: ищу Encyclopedia (Resources.FindObjectsOfTypeAll)...
[Info   :Zircon Heavy Variant] Ищу тип Encyclopedia...
[Info   :Zircon Heavy Variant] Нашел тип Encyclopedia = Encyclopedia (Assembly-CSharp)
[Info   :Zircon Heavy Variant] Нашел тип Encyclopedia = Encyclopedia
[Warning:Zircon Heavy Variant] ZirconHV: Resources.FindObjectsOfTypeAll<Encyclopedia> упал: Ambiguous match found.
[Info   :Zircon Heavy Variant] Попытка 17 [c]:尚无 Encyclopedia 实例，稍后再试 (postfix-статика и поллинг пусты)...
[Info   :Zircon Heavy Variant] Runner жив, попытка 17/72, стадия: c) ожидание Encyclopedia
[Info   :Zircon Heavy Variant] Попытка 18/72 [c]: ищу Encyclopedia (Resources.FindObjectsOfTypeAll)...
[Info   :Zircon Heavy Variant] Ищу тип Encyclopedia...
[Info   :Zircon Heavy Variant] Нашел тип Encyclopedia = Encyclopedia (Assembly-CSharp)
[Info   :Zircon Heavy Variant] Нашел тип Encyclopedia = Encyclopedia
[Warning:Zircon Heavy Variant] ZirconHV: Resources.FindObjectsOfTypeAll<Encyclopedia> упал: Ambiguous match found.
[Info   :Zircon Heavy Variant] Попытка 18 [c]:尚无 Encyclopedia 实例，稍后再试 (postfix-статика и поллинг пусты)...
[Info   :Zircon Heavy Variant] Попытка 19/72 [c]: ищу Encyclopedia (Resources.FindObjectsOfTypeAll)...
[Info   :Zircon Heavy Variant] Ищу тип Encyclopedia...
[Info   :Zircon Heavy Variant] Нашел тип Encyclopedia = Encyclopedia (Assembly-CSharp)
[Info   :Zircon Heavy Variant] Нашел тип Encyclopedia = Encyclopedia
[Warning:Zircon Heavy Variant] ZirconHV: Resources.FindObjectsOfTypeAll<Encyclopedia> упал: Ambiguous match found.
[Info   :Zircon Heavy Variant] Попытка 19 [c]:尚无 Encyclopedia 实例，稍后再试 (postfix-статика и поллинг пусты)...
[Info   :Zircon Heavy Variant] Попытка 20/72 [c]: ищу Encyclopedia (Resources.FindObjectsOfTypeAll)...
[Info   :Zircon Heavy Variant] Ищу тип Encyclopedia...
[Info   :Zircon Heavy Variant] Нашел тип Encyclopedia = Encyclopedia (Assembly-CSharp)
[Info   :Zircon Heavy Variant] Нашел тип Encyclopedia = Encyclopedia
[Warning:Zircon Heavy Variant] ZirconHV: Resources.FindObjectsOfTypeAll<Encyclopedia> упал: Ambiguous match found.
[Info   :Zircon Heavy Variant] Попытка 20 [c]:尚无 Encyclopedia 实例，稍后再试 (postfix-статика и поллинг пусты)...
[Info   :Zircon Heavy Variant] Попытка 21/72 [c]: ищу Encyclopedia (Resources.FindObjectsOfTypeAll)...
[Info   :Zircon Heavy Variant] Ищу тип Encyclopedia...
[Info   :Zircon Heavy Variant] Нашел тип Encyclopedia = Encyclopedia (Assembly-CSharp)
[Info   :Zircon Heavy Variant] Нашел тип Encyclopedia = Encyclopedia
[Warning:Zircon Heavy Variant] ZirconHV: Resources.FindObjectsOfTypeAll<Encyclopedia> упал: Ambiguous match found.
[Info   :Zircon Heavy Variant] Попытка 21 [c]:尚无 Encyclopedia 实例，稍后再试 (postfix-статика и поллинг пусты)...
[Info   :Zircon Heavy Variant] Попытка 22/72 [c]: ищу Encyclopedia (Resources.FindObjectsOfTypeAll)...
[Info   :Zircon Heavy Variant] Ищу тип Encyclopedia...
[Info   :Zircon Heavy Variant] Нашел тип Encyclopedia = Encyclopedia (Assembly-CSharp)
[Info   :Zircon Heavy Variant] Нашел тип Encyclopedia = Encyclopedia
[Warning:Zircon Heavy Variant] ZirconHV: Resources.FindObjectsOfTypeAll<Encyclopedia> упал: Ambiguous match found.
[Info   :Zircon Heavy Variant] Попытка 22 [c]:尚无 Encyclopedia 实例，稍后再试 (postfix-статика и поллинг пусты)...
[Info   :Zircon Heavy Variant] Попытка 23/72 [c]: ищу Encyclopedia (Resources.FindObjectsOfTypeAll)...
[Info   :Zircon Heavy Variant] Ищу тип Encyclopedia...
[Info   :Zircon Heavy Variant] Нашел тип Encyclopedia = Encyclopedia (Assembly-CSharp)
[Info   :Zircon Heavy Variant] Нашел тип Encyclopedia = Encyclopedia
[Warning:Zircon Heavy Variant] ZirconHV: Resources.FindObjectsOfTypeAll<Encyclopedia> упал: Ambiguous match found.
[Info   :Zircon Heavy Variant] Попытка 23 [c]:尚无 Encyclopedia 实例，稍后再试 (postfix-статика и поллинг пусты)...
[Info   :Zircon Heavy Variant] Попытка 24/72 [c]: ищу Encyclopedia (Resources.FindObjectsOfTypeAll)...
[Info   :Zircon Heavy Variant] Ищу тип Encyclopedia...
[Info   :Zircon Heavy Variant] Нашел тип Encyclopedia = Encyclopedia (Assembly-CSharp)
[Info   :Zircon Heavy Variant] Нашел тип Encyclopedia = Encyclopedia
[Warning:Zircon Heavy Variant] ZirconHV: Resources.FindObjectsOfTypeAll<Encyclopedia> упал: Ambiguous match found.
[Info   :Zircon Heavy Variant] Попытка 24 [c]:尚无 Encyclopedia 实例，稍后再试 (postfix-статика и поллинг пусты)...
[Info   :Zircon Heavy Variant] Попытка 25/72 [c]: ищу Encyclopedia (Resources.FindObjectsOfTypeAll)...
[Info   :Zircon Heavy Variant] Ищу тип Encyclopedia...
[Info   :Zircon Heavy Variant] Нашел тип Encyclopedia = Encyclopedia (Assembly-CSharp)
[Info   :Zircon Heavy Variant] Нашел тип Encyclopedia = Encyclopedia
[Warning:Zircon Heavy Variant] ZirconHV: Resources.FindObjectsOfTypeAll<Encyclopedia> упал: Ambiguous match found.
[Info   :Zircon Heavy Variant] Попытка 25 [c]:尚无 Encyclopedia 实例，稍后再试 (postfix-статика и поллинг пусты)...
[Info   :Zircon Heavy Variant] Runner жив, попытка 25/72, стадия: c) ожидание Encyclopedia
[Info   :Zircon Heavy Variant] Попытка 26/72 [c]: ищу Encyclopedia (Resources.FindObjectsOfTypeAll)...
[Info   :Zircon Heavy Variant] Ищу тип Encyclopedia...
[Info   :Zircon Heavy Variant] Нашел тип Encyclopedia = Encyclopedia (Assembly-CSharp)
[Info   :Zircon Heavy Variant] Нашел тип Encyclopedia = Encyclopedia
[Warning:Zircon Heavy Variant] ZirconHV: Resources.FindObjectsOfTypeAll<Encyclopedia> упал: Ambiguous match found.
[Info   :Zircon Heavy Variant] Попытка 26 [c]:尚无 Encyclopedia 实例，稍后再试 (postfix-статика и поллинг пусты)...
[Info   :Zircon Heavy Variant] Попытка 27/72 [c]: ищу Encyclopedia (Resources.FindObjectsOfTypeAll)...
[Info   :Zircon Heavy Variant] Ищу тип Encyclopedia...
[Info   :Zircon Heavy Variant] Нашел тип Encyclopedia = Encyclopedia (Assembly-CSharp)
[Info   :Zircon Heavy Variant] Нашел тип Encyclopedia = Encyclopedia
[Warning:Zircon Heavy Variant] ZirconHV: Resources.FindObjectsOfTypeAll<Encyclopedia> упал: Ambiguous match found.
[Info   :Zircon Heavy Variant] Попытка 27 [c]:尚无 Encyclopedia 实例，稍后再试 (postfix-статика и поллинг пусты)...
[Info   :Zircon Heavy Variant] Попытка 28/72 [c]: ищу Encyclopedia (Resources.FindObjectsOfTypeAll)...
[Info   :Zircon Heavy Variant] Ищу тип Encyclopedia...
[Info   :Zircon Heavy Variant] Нашел тип Encyclopedia = Encyclopedia (Assembly-CSharp)
[Info   :Zircon Heavy Variant] Нашел тип Encyclopedia = Encyclopedia
[Warning:Zircon Heavy Variant] ZirconHV: Resources.FindObjectsOfTypeAll<Encyclopedia> упал: Ambiguous match found.
[Info   :Zircon Heavy Variant] Попытка 28 [c]:尚无 Encyclopedia 实例，稍后再试 (postfix-статика и поллинг пусты)...
[Info   :Zircon Heavy Variant] Попытка 29/72 [c]: ищу Encyclopedia (Resources.FindObjectsOfTypeAll)...
[Info   :Zircon Heavy Variant] Ищу тип Encyclopedia...
[Info   :Zircon Heavy Variant] Нашел тип Encyclopedia = Encyclopedia (Assembly-CSharp)
[Info   :Zircon Heavy Variant] Нашел тип Encyclopedia = Encyclopedia
[Warning:Zircon Heavy Variant] ZirconHV: Resources.FindObjectsOfTypeAll<Encyclopedia> упал: Ambiguous match found.
[Info   :Zircon Heavy Variant] Попытка 29 [c]:尚无 Encyclopedia 实例，稍后再试 (postfix-статика и поллинг пусты)...
[Info   :Zircon Heavy Variant] Попытка 30/72 [c]: ищу Encyclopedia (Resources.FindObjectsOfTypeAll)...
[Info   :Zircon Heavy Variant] Ищу тип Encyclopedia...
[Info   :Zircon Heavy Variant] Нашел тип Encyclopedia = Encyclopedia (Assembly-CSharp)
[Info   :Zircon Heavy Variant] Нашел тип Encyclopedia = Encyclopedia
[Warning:Zircon Heavy Variant] ZirconHV: Resources.FindObjectsOfTypeAll<Encyclopedia> упал: Ambiguous match found.
[Info   :Zircon Heavy Variant] Попытка 30 [c]:尚无 Encyclopedia 实例，稍后再试 (postfix-статика и поллинг пусты)...
[Info   :Zircon Heavy Variant] Попытка 31/72 [c]: ищу Encyclopedia (Resources.FindObjectsOfTypeAll)...
[Info   :Zircon Heavy Variant] Ищу тип Encyclopedia...
[Info   :Zircon Heavy Variant] Нашел тип Encyclopedia = Encyclopedia (Assembly-CSharp)
[Info   :Zircon Heavy Variant] Нашел тип Encyclopedia = Encyclopedia
[Warning:Zircon Heavy Variant] ZirconHV: Resources.FindObjectsOfTypeAll<Encyclopedia> упал: Ambiguous match found.
[Info   :Zircon Heavy Variant] Попытка 31 [c]:尚无 Encyclopedia 实例，稍后再试 (postfix-статика и поллинг пусты)...
[Info   :Zircon Heavy Variant] Попытка 32/72 [c]: ищу Encyclopedia (Resources.FindObjectsOfTypeAll)...
[Info   :Zircon Heavy Variant] Ищу тип Encyclopedia...
[Info   :Zircon Heavy Variant] Нашел тип Encyclopedia = Encyclopedia (Assembly-CSharp)
[Info   :Zircon Heavy Variant] Нашел тип Encyclopedia = Encyclopedia
[Warning:Zircon Heavy Variant] ZirconHV: Resources.FindObjectsOfTypeAll<Encyclopedia> упал: Ambiguous match found.
[Info   :Zircon Heavy Variant] Попытка 32 [c]:尚无 Encyclopedia 实例，稍后再试 (postfix-статика и поллинг пусты)...
[Info   :Zircon Heavy Variant] Попытка 33/72 [c]: ищу Encyclopedia (Resources.FindObjectsOfTypeAll)...
[Info   :Zircon Heavy Variant] Ищу тип Encyclopedia...
[Info   :Zircon Heavy Variant] Нашел тип Encyclopedia = Encyclopedia (Assembly-CSharp)
[Info   :Zircon Heavy Variant] Нашел тип Encyclopedia = Encyclopedia
[Warning:Zircon Heavy Variant] ZirconHV: Resources.FindObjectsOfTypeAll<Encyclopedia> упал: Ambiguous match found.
[Info   :Zircon Heavy Variant] Попытка 33 [c]:尚无 Encyclopedia 实例，稍后再试 (postfix-статика и поллинг пусты)...
[Info   :Zircon Heavy Variant] Runner жив, попытка 33/72, стадия: c) ожидание Encyclopedia
[Info   :Zircon Heavy Variant] Попытка 34/72 [c]: ищу Encyclopedia (Resources.FindObjectsOfTypeAll)...
[Info   :Zircon Heavy Variant] Ищу тип Encyclopedia...
[Info   :Zircon Heavy Variant] Нашел тип Encyclopedia = Encyclopedia (Assembly-CSharp)
[Info   :Zircon Heavy Variant] Нашел тип Encyclopedia = Encyclopedia
[Warning:Zircon Heavy Variant] ZirconHV: Resources.FindObjectsOfTypeAll<Encyclopedia> упал: Ambiguous match found.
[Info   :Zircon Heavy Variant] Попытка 34 [c]:尚无 Encyclopedia 实例，稍后再试 (postfix-статика и поллинг пусты)...
[Info   :Zircon Heavy Variant] Попытка 35/72 [c]: ищу Encyclopedia (Resources.FindObjectsOfTypeAll)...
[Info   :Zircon Heavy Variant] Ищу тип Encyclopedia...
[Info   :Zircon Heavy Variant] Нашел тип Encyclopedia = Encyclopedia (Assembly-CSharp)
[Info   :Zircon Heavy Variant] Нашел тип Encyclopedia = Encyclopedia
[Warning:Zircon Heavy Variant] ZirconHV: Resources.FindObjectsOfTypeAll<Encyclopedia> упал: Ambiguous match found.
[Info   :Zircon Heavy Variant] Попытка 35 [c]:尚无 Encyclopedia 实例，稍后再试 (postfix-статика и поллинг пусты)...
[Info   :Zircon Heavy Variant] Попытка 36/72 [c]: ищу Encyclopedia (Resources.FindObjectsOfTypeAll)...
[Info   :Zircon Heavy Variant] Ищу тип Encyclopedia...
[Info   :Zircon Heavy Variant] Нашел тип Encyclopedia = Encyclopedia (Assembly-CSharp)
[Info   :Zircon Heavy Variant] Нашел тип Encyclopedia = Encyclopedia
[Warning:Zircon Heavy Variant] ZirconHV: Resources.FindObjectsOfTypeAll<Encyclopedia> упал: Ambiguous match found.
[Info   :Zircon Heavy Variant] Попытка 36 [c]:尚无 Encyclopedia 实例，稍后再试 (postfix-статика и поллинг пусты)...
[Info   :Zircon Heavy Variant] Попытка 37/72 [c]: ищу Encyclopedia (Resources.FindObjectsOfTypeAll)...
[Info   :Zircon Heavy Variant] Ищу тип Encyclopedia...
[Info   :Zircon Heavy Variant] Нашел тип Encyclopedia = Encyclopedia (Assembly-CSharp)
[Info   :Zircon Heavy Variant] Нашел тип Encyclopedia = Encyclopedia
[Warning:Zircon Heavy Variant] ZirconHV: Resources.FindObjectsOfTypeAll<Encyclopedia> упал: Ambiguous match found.
[Info   :Zircon Heavy Variant] Попытка 37 [c]:尚无 Encyclopedia 实例，稍后再试 (postfix-статика и поллинг пусты)...
[Info   :Zircon Heavy Variant] Попытка 38/72 [c]: ищу Encyclopedia (Resources.FindObjectsOfTypeAll)...
[Info   :Zircon Heavy Variant] Ищу тип Encyclopedia...
[Info   :Zircon Heavy Variant] Нашел тип Encyclopedia = Encyclopedia (Assembly-CSharp)
[Info   :Zircon Heavy Variant] Нашел тип Encyclopedia = Encyclopedia
[Warning:Zircon Heavy Variant] ZirconHV: Resources.FindObjectsOfTypeAll<Encyclopedia> упал: Ambiguous match found.
[Info   :Zircon Heavy Variant] Попытка 38 [c]:尚无 Encyclopedia 实例，稍后再试 (postfix-статика и поллинг пусты)...
[Info   :Zircon Heavy Variant] Попытка 39/72 [c]: ищу Encyclopedia (Resources.FindObjectsOfTypeAll)...
[Info   :Zircon Heavy Variant] Ищу тип Encyclopedia...
[Info   :Zircon Heavy Variant] Нашел тип Encyclopedia = Encyclopedia (Assembly-CSharp)
[Info   :Zircon Heavy Variant] Нашел тип Encyclopedia = Encyclopedia
[Warning:Zircon Heavy Variant] ZirconHV: Resources.FindObjectsOfTypeAll<Encyclopedia> упал: Ambiguous match found.
[Info   :Zircon Heavy Variant] Попытка 39 [c]:尚无 Encyclopedia 实例，稍后再试 (postfix-статика и поллинг пусты)...
[Info   :Zircon Heavy Variant] Попытка 40/72 [c]: ищу Encyclopedia (Resources.FindObjectsOfTypeAll)...
[Info   :Zircon Heavy Variant] Ищу тип Encyclopedia...
[Info   :Zircon Heavy Variant] Нашел тип Encyclopedia = Encyclopedia (Assembly-CSharp)
[Info   :Zircon Heavy Variant] Нашел тип Encyclopedia = Encyclopedia
[Warning:Zircon Heavy Variant] ZirconHV: Resources.FindObjectsOfTypeAll<Encyclopedia> упал: Ambiguous match found.
[Info   :Zircon Heavy Variant] Попытка 40 [c]:尚无 Encyclopedia 实例，稍后再试 (postfix-статика и поллинг пусты)...
[Info   :Zircon Heavy Variant] Попытка 41/72 [c]: ищу Encyclopedia (Resources.FindObjectsOfTypeAll)...
[Info   :Zircon Heavy Variant] Ищу тип Encyclopedia...
[Info   :Zircon Heavy Variant] Нашел тип Encyclopedia = Encyclopedia (Assembly-CSharp)
[Info   :Zircon Heavy Variant] Нашел тип Encyclopedia = Encyclopedia
[Warning:Zircon Heavy Variant] ZirconHV: Resources.FindObjectsOfTypeAll<Encyclopedia> упал: Ambiguous match found.
[Info   :Zircon Heavy Variant] Попытка 41 [c]:尚无 Encyclopedia 实例，稍后再试 (postfix-статика и поллинг пусты)...
[Info   :Zircon Heavy Variant] Runner жив, попытка 41/72, стадия: c) ожидание Encyclopedia
[Info   :Zircon Heavy Variant] Попытка 42/72 [c]: ищу Encyclopedia (Resources.FindObjectsOfTypeAll)...
[Info   :Zircon Heavy Variant] Ищу тип Encyclopedia...
[Info   :Zircon Heavy Variant] Нашел тип Encyclopedia = Encyclopedia (Assembly-CSharp)
[Info   :Zircon Heavy Variant] Нашел тип Encyclopedia = Encyclopedia
[Warning:Zircon Heavy Variant] ZirconHV: Resources.FindObjectsOfTypeAll<Encyclopedia> упал: Ambiguous match found.
[Info   :Zircon Heavy Variant] Попытка 42 [c]:尚无 Encyclopedia 实例，稍后再试 (postfix-статика и поллинг пусты)...
[Info   :Zircon Heavy Variant] Попытка 43/72 [c]: ищу Encyclopedia (Resources.FindObjectsOfTypeAll)...
[Info   :Zircon Heavy Variant] Ищу тип Encyclopedia...
[Info   :Zircon Heavy Variant] Нашел тип Encyclopedia = Encyclopedia (Assembly-CSharp)
[Info   :Zircon Heavy Variant] Нашел тип Encyclopedia = Encyclopedia
[Warning:Zircon Heavy Variant] ZirconHV: Resources.FindObjectsOfTypeAll<Encyclopedia> упал: Ambiguous match found.
[Info   :Zircon Heavy Variant] Попытка 43 [c]:尚无 Encyclopedia 实例，稍后再试 (postfix-статика и поллинг пусты)...
[Info   :Zircon Heavy Variant] Попытка 44/72 [c]: ищу Encyclopedia (Resources.FindObjectsOfTypeAll)...
[Info   :Zircon Heavy Variant] Ищу тип Encyclopedia...
[Info   :Zircon Heavy Variant] Нашел тип Encyclopedia = Encyclopedia (Assembly-CSharp)
[Info   :Zircon Heavy Variant] Нашел тип Encyclopedia = Encyclopedia
[Warning:Zircon Heavy Variant] ZirconHV: Resources.FindObjectsOfTypeAll<Encyclopedia> упал: Ambiguous match found.
[Info   :Zircon Heavy Variant] Попытка 44 [c]:尚无 Encyclopedia 实例，稍后再试 (postfix-статика и поллинг пусты)...
[Info   :Zircon Heavy Variant] Попытка 45/72 [c]: ищу Encyclopedia (Resources.FindObjectsOfTypeAll)...
[Info   :Zircon Heavy Variant] Ищу тип Encyclopedia...
[Info   :Zircon Heavy Variant] Нашел тип Encyclopedia = Encyclopedia (Assembly-CSharp)
[Info   :Zircon Heavy Variant] Нашел тип Encyclopedia = Encyclopedia
[Warning:Zircon Heavy Variant] ZirconHV: Resources.FindObjectsOfTypeAll<Encyclopedia> упал: Ambiguous match found.
[Info   :Zircon Heavy Variant] Попытка 45 [c]:尚无 Encyclopedia 实例，稍后再试 (postfix-статика и поллинг пусты)...
[Info   :Zircon Heavy Variant] Попытка 46/72 [c]: ищу Encyclopedia (Resources.FindObjectsOfTypeAll)...
[Info   :Zircon Heavy Variant] Ищу тип Encyclopedia...
[Info   :Zircon Heavy Variant] Нашел тип Encyclopedia = Encyclopedia (Assembly-CSharp)
[Info   :Zircon Heavy Variant] Нашел тип Encyclopedia = Encyclopedia
[Warning:Zircon Heavy Variant] ZirconHV: Resources.FindObjectsOfTypeAll<Encyclopedia> упал: Ambiguous match found.
[Info   :Zircon Heavy Variant] Попытка 46 [c]:尚无 Encyclopedia 实例，稍后再试 (postfix-статика и поллинг пусты)...
[Info   :Zircon Heavy Variant] Попытка 47/72 [c]: ищу Encyclopedia (Resources.FindObjectsOfTypeAll)...
[Info   :Zircon Heavy Variant] Ищу тип Encyclopedia...
[Info   :Zircon Heavy Variant] Нашел тип Encyclopedia = Encyclopedia (Assembly-CSharp)
[Info   :Zircon Heavy Variant] Нашел тип Encyclopedia = Encyclopedia
[Warning:Zircon Heavy Variant] ZirconHV: Resources.FindObjectsOfTypeAll<Encyclopedia> упал: Ambiguous match found.
[Info   :Zircon Heavy Variant] Попытка 47 [c]:尚无 Encyclopedia 实例，稍后再试 (postfix-статика и поллинг пусты)...
[Info   :Zircon Heavy Variant] Попытка 48/72 [c]: ищу Encyclopedia (Resources.FindObjectsOfTypeAll)...
[Info   :Zircon Heavy Variant] Ищу тип Encyclopedia...
[Info   :Zircon Heavy Variant] Нашел тип Encyclopedia = Encyclopedia (Assembly-CSharp)
[Info   :Zircon Heavy Variant] Нашел тип Encyclopedia = Encyclopedia
[Warning:Zircon Heavy Variant] ZirconHV: Resources.FindObjectsOfTypeAll<Encyclopedia> упал: Ambiguous match found.
[Info   :Zircon Heavy Variant] Попытка 48 [c]:尚无 Encyclopedia 实例，稍后再试 (postfix-статика и поллинг пусты)...
[Info   :Zircon Heavy Variant] Попытка 49/72 [c]: ищу Encyclopedia (Resources.FindObjectsOfTypeAll)...
[Info   :Zircon Heavy Variant] Ищу тип Encyclopedia...
[Info   :Zircon Heavy Variant] Нашел тип Encyclopedia = Encyclopedia (Assembly-CSharp)
[Info   :Zircon Heavy Variant] Нашел тип Encyclopedia = Encyclopedia
[Warning:Zircon Heavy Variant] ZirconHV: Resources.FindObjectsOfTypeAll<Encyclopedia> упал: Ambiguous match found.
[Info   :Zircon Heavy Variant] Попытка 49 [c]:尚无 Encyclopedia 实例，稍后再试 (postfix-статика и поллинг пусты)...
[Info   :Zircon Heavy Variant] Runner жив, попытка 49/72, стадия: c) ожидание Encyclopedia
[Info   :Zircon Heavy Variant] Попытка 50/72 [c]: ищу Encyclopedia (Resources.FindObjectsOfTypeAll)...
[Info   :Zircon Heavy Variant] Ищу тип Encyclopedia...
[Info   :Zircon Heavy Variant] Нашел тип Encyclopedia = Encyclopedia (Assembly-CSharp)
[Info   :Zircon Heavy Variant] Нашел тип Encyclopedia = Encyclopedia
[Warning:Zircon Heavy Variant] ZirconHV: Resources.FindObjectsOfTypeAll<Encyclopedia> упал: Ambiguous match found.
[Info   :Zircon Heavy Variant] Попытка 50 [c]:尚无 Encyclopedia 实例，稍后再试 (postfix-статика и поллинг пусты)...
[Info   :Zircon Heavy Variant] Попытка 51/72 [c]: ищу Encyclopedia (Resources.FindObjectsOfTypeAll)...
[Info   :Zircon Heavy Variant] Ищу тип Encyclopedia...
[Info   :Zircon Heavy Variant] Нашел тип Encyclopedia = Encyclopedia (Assembly-CSharp)
[Info   :Zircon Heavy Variant] Нашел тип Encyclopedia = Encyclopedia
[Warning:Zircon Heavy Variant] ZirconHV: Resources.FindObjectsOfTypeAll<Encyclopedia> упал: Ambiguous match found.
[Info   :Zircon Heavy Variant] Попытка 51 [c]:尚无 Encyclopedia 实例，稍后再试 (postfix-статика и поллинг пусты)...
[Info   :Zircon Heavy Variant] Попытка 52/72 [c]: ищу Encyclopedia (Resources.FindObjectsOfTypeAll)...
[Info   :Zircon Heavy Variant] Ищу тип Encyclopedia...
[Info   :Zircon Heavy Variant] Нашел тип Encyclopedia = Encyclopedia (Assembly-CSharp)
[Info   :Zircon Heavy Variant] Нашел тип Encyclopedia = Encyclopedia
[Warning:Zircon Heavy Variant] ZirconHV: Resources.FindObjectsOfTypeAll<Encyclopedia> упал: Ambiguous match found.
[Info   :Zircon Heavy Variant] Попытка 52 [c]:尚无 Encyclopedia 实例，稍后再试 (postfix-статика и поллинг пусты)...
[Info   :Zircon Heavy Variant] Попытка 53/72 [c]: ищу Encyclopedia (Resources.FindObjectsOfTypeAll)...
[Info   :Zircon Heavy Variant] Ищу тип Encyclopedia...
[Info   :Zircon Heavy Variant] Нашел тип Encyclopedia = Encyclopedia (Assembly-CSharp)
[Info   :Zircon Heavy Variant] Нашел тип Encyclopedia = Encyclopedia
[Warning:Zircon Heavy Variant] ZirconHV: Resources.FindObjectsOfTypeAll<Encyclopedia> упал: Ambiguous match found.
[Info   :Zircon Heavy Variant] Попытка 53 [c]:尚无 Encyclopedia 实例，稍后再试 (postfix-статика и поллинг пусты)...
[Info   :Zircon Heavy Variant] Попытка 54/72 [c]: ищу Encyclopedia (Resources.FindObjectsOfTypeAll)...
[Info   :Zircon Heavy Variant] Ищу тип Encyclopedia...
[Info   :Zircon Heavy Variant] Нашел тип Encyclopedia = Encyclopedia (Assembly-CSharp)
[Info   :Zircon Heavy Variant] Нашел тип Encyclopedia = Encyclopedia
[Warning:Zircon Heavy Variant] ZirconHV: Resources.FindObjectsOfTypeAll<Encyclopedia> упал: Ambiguous match found.
[Info   :Zircon Heavy Variant] Попытка 54 [c]:尚无 Encyclopedia 实例，稍后再试 (postfix-статика и поллинг пусты)...
[Info   :Zircon Heavy Variant] Попытка 55/72 [c]: ищу Encyclopedia (Resources.FindObjectsOfTypeAll)...
[Info   :Zircon Heavy Variant] Ищу тип Encyclopedia...
[Info   :Zircon Heavy Variant] Нашел тип Encyclopedia = Encyclopedia (Assembly-CSharp)
[Info   :Zircon Heavy Variant] Нашел тип Encyclopedia = Encyclopedia
[Warning:Zircon Heavy Variant] ZirconHV: Resources.FindObjectsOfTypeAll<Encyclopedia> упал: Ambiguous match found.
[Info   :Zircon Heavy Variant] Попытка 55 [c]:尚无 Encyclopedia 实例，稍后再试 (postfix-статика и поллинг пусты)...
[Info   :Zircon Heavy Variant] Попытка 56/72 [c]: ищу Encyclopedia (Resources.FindObjectsOfTypeAll)...
[Info   :Zircon Heavy Variant] Ищу тип Encyclopedia...
[Info   :Zircon Heavy Variant] Нашел тип Encyclopedia = Encyclopedia (Assembly-CSharp)
[Info   :Zircon Heavy Variant] Нашел тип Encyclopedia = Encyclopedia
[Warning:Zircon Heavy Variant] ZirconHV: Resources.FindObjectsOfTypeAll<Encyclopedia> упал: Ambiguous match found.
[Info   :Zircon Heavy Variant] Попытка 56 [c]:尚无 Encyclopedia 实例，稍后再试 (postfix-статика и поллинг пусты)...
[Info   :Zircon Heavy Variant] Попытка 57/72 [c]: ищу Encyclopedia (Resources.FindObjectsOfTypeAll)...
[Info   :Zircon Heavy Variant] Ищу тип Encyclopedia...
[Info   :Zircon Heavy Variant] Нашел тип Encyclopedia = Encyclopedia (Assembly-CSharp)
[Info   :Zircon Heavy Variant] Нашел тип Encyclopedia = Encyclopedia
[Warning:Zircon Heavy Variant] ZirconHV: Resources.FindObjectsOfTypeAll<Encyclopedia> упал: Ambiguous match found.
[Info   :Zircon Heavy Variant] Попытка 57 [c]:尚无 Encyclopedia 实例，稍后再试 (postfix-статика и поллинг пусты)...
[Info   :Zircon Heavy Variant] Runner жив, попытка 57/72, стадия: c) ожидание Encyclopedia
[Info   :Zircon Heavy Variant] Попытка 58/72 [c]: ищу Encyclopedia (Resources.FindObjectsOfTypeAll)...
[Info   :Zircon Heavy Variant] Ищу тип Encyclopedia...
[Info   :Zircon Heavy Variant] Нашел тип Encyclopedia = Encyclopedia (Assembly-CSharp)
[Info   :Zircon Heavy Variant] Нашел тип Encyclopedia = Encyclopedia
[Warning:Zircon Heavy Variant] ZirconHV: Resources.FindObjectsOfTypeAll<Encyclopedia> упал: Ambiguous match found.
[Info   :Zircon Heavy Variant] Попытка 58 [c]:尚无 Encyclopedia 实例，稍后再试 (postfix-статика и поллинг пусты)...
[Info   :Zircon Heavy Variant] Попытка 59/72 [c]: ищу Encyclopedia (Resources.FindObjectsOfTypeAll)...
[Info   :Zircon Heavy Variant] Ищу тип Encyclopedia...
[Info   :Zircon Heavy Variant] Нашел тип Encyclopedia = Encyclopedia (Assembly-CSharp)
[Info   :Zircon Heavy Variant] Нашел тип Encyclopedia = Encyclopedia
[Warning:Zircon Heavy Variant] ZirconHV: Resources.FindObjectsOfTypeAll<Encyclopedia> упал: Ambiguous match found.
[Info   :Zircon Heavy Variant] Попытка 59 [c]:尚无 Encyclopedia 实例，稍后再试 (postfix-статика и поллинг пусты)...
[Info   :Zircon Heavy Variant] Попытка 60/72 [c]: ищу Encyclopedia (Resources.FindObjectsOfTypeAll)...
[Info   :Zircon Heavy Variant] Ищу тип Encyclopedia...
[Info   :Zircon Heavy Variant] Нашел тип Encyclopedia = Encyclopedia (Assembly-CSharp)
[Info   :Zircon Heavy Variant] Нашел тип Encyclopedia = Encyclopedia
[Warning:Zircon Heavy Variant] ZirconHV: Resources.FindObjectsOfTypeAll<Encyclopedia> упал: Ambiguous match found.
[Info   :Zircon Heavy Variant] Попытка 60 [c]:尚无 Encyclopedia 实例，稍后再试 (postfix-статика и поллинг пусты)...
[Info   :Zircon Heavy Variant] Попытка 61/72 [c]: ищу Encyclopedia (Resources.FindObjectsOfTypeAll)...
[Info   :Zircon Heavy Variant] Ищу тип Encyclopedia...
[Info   :Zircon Heavy Variant] Нашел тип Encyclopedia = Encyclopedia (Assembly-CSharp)
[Info   :Zircon Heavy Variant] Нашел тип Encyclopedia = Encyclopedia
[Warning:Zircon Heavy Variant] ZirconHV: Resources.FindObjectsOfTypeAll<Encyclopedia> упал: Ambiguous match found.
[Info   :Zircon Heavy Variant] Попытка 61 [c]:尚无 Encyclopedia 实例，稍后再试 (postfix-статика и поллинг пусты)...
[Info   :Zircon Heavy Variant] Попытка 62/72 [c]: ищу Encyclopedia (Resources.FindObjectsOfTypeAll)...
[Info   :Zircon Heavy Variant] Ищу тип Encyclopedia...
[Info   :Zircon Heavy Variant] Нашел тип Encyclopedia = Encyclopedia (Assembly-CSharp)
[Info   :Zircon Heavy Variant] Нашел тип Encyclopedia = Encyclopedia
[Warning:Zircon Heavy Variant] ZirconHV: Resources.FindObjectsOfTypeAll<Encyclopedia> упал: Ambiguous match found.
[Info   :Zircon Heavy Variant] Попытка 62 [c]:尚无 Encyclopedia 实例，稍后再试 (postfix-статика и поллинг пусты)...
[Info   :Zircon Heavy Variant] Попытка 63/72 [c]: ищу Encyclopedia (Resources.FindObjectsOfTypeAll)...
[Info   :Zircon Heavy Variant] Ищу тип Encyclopedia...
[Info   :Zircon Heavy Variant] Нашел тип Encyclopedia = Encyclopedia (Assembly-CSharp)
[Info   :Zircon Heavy Variant] Нашел тип Encyclopedia = Encyclopedia
[Warning:Zircon Heavy Variant] ZirconHV: Resources.FindObjectsOfTypeAll<Encyclopedia> упал: Ambiguous match found.
[Info   :Zircon Heavy Variant] Попытка 63 [c]:尚无 Encyclopedia 实例，稍后再试 (postfix-статика и поллинг пусты)...
[Info   :Zircon Heavy Variant] Попытка 64/72 [c]: ищу Encyclopedia (Resources.FindObjectsOfTypeAll)...
[Info   :Zircon Heavy Variant] Ищу тип Encyclopedia...
[Info   :Zircon Heavy Variant] Нашел тип Encyclopedia = Encyclopedia (Assembly-CSharp)
[Info   :Zircon Heavy Variant] Нашел тип Encyclopedia = Encyclopedia
[Warning:Zircon Heavy Variant] ZirconHV: Resources.FindObjectsOfTypeAll<Encyclopedia> упал: Ambiguous match found.
[Info   :Zircon Heavy Variant] Попытка 64 [c]:尚无 Encyclopedia 实例，稍后再试 (postfix-статика и поллинг пусты)...
[Info   :Zircon Heavy Variant] Попытка 65/72 [c]: ищу Encyclopedia (Resources.FindObjectsOfTypeAll)...
[Info   :Zircon Heavy Variant] Ищу тип Encyclopedia...
[Info   :Zircon Heavy Variant] Нашел тип Encyclopedia = Encyclopedia (Assembly-CSharp)
[Info   :Zircon Heavy Variant] Нашел тип Encyclopedia = Encyclopedia
[Warning:Zircon Heavy Variant] ZirconHV: Resources.FindObjectsOfTypeAll<Encyclopedia> упал: Ambiguous match found.
[Info   :Zircon Heavy Variant] Попытка 65 [c]:尚无 Encyclopedia 实例，稍后再试 (postfix-статика и поллинг пусты)...
[Info   :Zircon Heavy Variant] Runner жив, попытка 65/72, стадия: c) ожидание Encyclopedia
[Info   :Zircon Heavy Variant] Попытка 66/72 [c]: ищу Encyclopedia (Resources.FindObjectsOfTypeAll)...
[Info   :Zircon Heavy Variant] Ищу тип Encyclopedia...
[Info   :Zircon Heavy Variant] Нашел тип Encyclopedia = Encyclopedia (Assembly-CSharp)
[Info   :Zircon Heavy Variant] Нашел тип Encyclopedia = Encyclopedia
[Warning:Zircon Heavy Variant] ZirconHV: Resources.FindObjectsOfTypeAll<Encyclopedia> упал: Ambiguous match found.
[Info   :Zircon Heavy Variant] Попытка 66 [c]:尚无 Encyclopedia 实例，稍后再试 (postfix-статика и поллинг пусты)...
[Info   :Zircon Heavy Variant] Попытка 67/72 [c]: ищу Encyclopedia (Resources.FindObjectsOfTypeAll)...
[Info   :Zircon Heavy Variant] Ищу тип Encyclopedia...
[Info   :Zircon Heavy Variant] Нашел тип Encyclopedia = Encyclopedia (Assembly-CSharp)
[Info   :Zircon Heavy Variant] Нашел тип Encyclopedia = Encyclopedia
[Warning:Zircon Heavy Variant] ZirconHV: Resources.FindObjectsOfTypeAll<Encyclopedia> упал: Ambiguous match found.
[Info   :Zircon Heavy Variant] Попытка 67 [c]:尚无 Encyclopedia 实例，稍后再试 (postfix-статика и поллинг пусты)...
[Info   :Zircon Heavy Variant] Попытка 68/72 [c]: ищу Encyclopedia (Resources.FindObjectsOfTypeAll)...
[Info   :Zircon Heavy Variant] Ищу тип Encyclopedia...
[Info   :Zircon Heavy Variant] Нашел тип Encyclopedia = Encyclopedia (Assembly-CSharp)
[Info   :Zircon Heavy Variant] Нашел тип Encyclopedia = Encyclopedia
[Warning:Zircon Heavy Variant] ZirconHV: Resources.FindObjectsOfTypeAll<Encyclopedia> упал: Ambiguous match found.
[Info   :Zircon Heavy Variant] Попытка 68 [c]:尚无 Encyclopedia 实例，稍后再试 (postfix-статика и поллинг пусты)...
[Info   :Zircon Heavy Variant] Попытка 69/72 [c]: ищу Encyclopedia (Resources.FindObjectsOfTypeAll)...
[Info   :Zircon Heavy Variant] Ищу тип Encyclopedia...
[Info   :Zircon Heavy Variant] Нашел тип Encyclopedia = Encyclopedia (Assembly-CSharp)
[Info   :Zircon Heavy Variant] Нашел тип Encyclopedia = Encyclopedia
[Warning:Zircon Heavy Variant] ZirconHV: Resources.FindObjectsOfTypeAll<Encyclopedia> упал: Ambiguous match found.
[Info   :Zircon Heavy Variant] Попытка 69 [c]:尚无 Encyclopedia 实例，稍后再试 (postfix-статика и поллинг пусты)...
[Info   :Zircon Heavy Variant] Попытка 70/72 [c]: ищу Encyclopedia (Resources.FindObjectsOfTypeAll)...
[Info   :Zircon Heavy Variant] Ищу тип Encyclopedia...
[Info   :Zircon Heavy Variant] Нашел тип Encyclopedia = Encyclopedia (Assembly-CSharp)
[Info   :Zircon Heavy Variant] Нашел тип Encyclopedia = Encyclopedia
[Warning:Zircon Heavy Variant] ZirconHV: Resources.FindObjectsOfTypeAll<Encyclopedia> упал: Ambiguous match found.
[Info   :Zircon Heavy Variant] Попытка 70 [c]:尚无 Encyclopedia 实例，稍后再试 (postfix-статика и поллинг пусты)...
[Info   :Zircon Heavy Variant] Попытка 71/72 [c]: ищу Encyclopedia (Resources.FindObjectsOfTypeAll)...
[Info   :Zircon Heavy Variant] Ищу тип Encyclopedia...
[Info   :Zircon Heavy Variant] Нашел тип Encyclopedia = Encyclopedia (Assembly-CSharp)
[Info   :Zircon Heavy Variant] Нашел тип Encyclopedia = Encyclopedia
[Warning:Zircon Heavy Variant] ZirconHV: Resources.FindObjectsOfTypeAll<Encyclopedia> упал: Ambiguous match found.
[Info   :Zircon Heavy Variant] Попытка 71 [c]:尚无 Encyclopedia 实例，稍后再试 (postfix-статика и поллинг пусты)...
[Info   :Zircon Heavy Variant] Попытка 72/72 [c]: ищу Encyclopedia (Resources.FindObjectsOfTypeAll)...
[Info   :Zircon Heavy Variant] Ищу тип Encyclopedia...
[Info   :Zircon Heavy Variant] Нашел тип Encyclopedia = Encyclopedia (Assembly-CSharp)
[Info   :Zircon Heavy Variant] Нашел тип Encyclopedia = Encyclopedia
[Warning:Zircon Heavy Variant] ZirconHV: Resources.FindObjectsOfTypeAll<Encyclopedia> упал: Ambiguous match found.
[Info   :Zircon Heavy Variant] Попытка 72 [c]:尚无 Encyclopedia 实例，稍后再试 (postfix-статика и поллинг пусты)...
[Error  :Zircon Heavy Variant] === ИТОГ ПРОВАЛА ===
[Error  :Zircon Heavy Variant]   остановился на стадии: c) ожидание Encyclopedia
[Error  :Zircon Heavy Variant]   бандл: "multi - missile"
[Error  :Zircon Heavy Variant]   asset name: "assets/blueprinter/mods/multi - missile/zircon nuke/mounts/double external/zircon nuke double ext.prefab"
[Error  :Zircon Heavy Variant]   Encyclopedia: НЕ найден (Resources.FindObjectsOfTypeAll пуст, postfix AfterLoad не сработал)
[Error  :Zircon Heavy Variant]   клон создан: False
[Error  :Zircon Heavy Variant]   jsonKey клона: "?"
[Error  :Zircon Heavy Variant]   AddWeaponMount/AddUnit: не вызывалось
[Error  :Zircon Heavy Variant]   инжектировано hardpoint set(s): 0
[Error  :Zircon Heavy Variant] Бюджет 180 сек исчерпан — опрос остановлен (флаг done), мод больше не шумит.
[Info   :NOFrameLimiter] FrameRateLimit: 70
[Info   :MK-88 Hydra] MK54 uses stock unitPrefab 'bomb_glide1' jsonKey=missilepack_mk54_torpedo (no custom PrefabHash).
[Info   :X-77 Warewind] Warewind spawn prefab 'AAM2' (stock AAM2, no custom PrefabHash).
[Info   :NOFrameLimiter] FrameRateLimit: 70
[Info   :QoL Combo Fix] [ShipAINavexFix] Zeroed standoffDistance for AssaultCarrier1 (was 12000)
[Info   :MK-88 Hydra] Hydra sonar on 'Annex Class Carrier' range=25,0km
[Info   :QoL Combo Fix] [ShipAINavexFix] Zeroed standoffDistance for FleetCarrier1 (was 0)
[Info   :MK-88 Hydra] Hydra sonar on 'Hyperion Class Carrier' range=25,0km
[Info   :LoadoutPresets] [Presets] Loaded DEFAULT:CI-22 Cricket 
[Info   :LoadoutPresets] Auto-saved last used.
[Info   :LoadoutPresets] [Presets] Loaded DEFAULT:CI-22 Cricket 
[Info   :LoadoutPresets] Auto-saved last used.
[Info   :LoadoutPresets] [Presets] Loaded DEFAULT:Alkyon AB-4 
[Info   :LoadoutPresets] Auto-saved last used.
[Info   :LoadoutPresets] Auto-saved last used.
[Info   :LoadoutPresets] Auto-saved last used.
[Info   :LoadoutPresets] Auto-saved last used.
[Info   :LoadoutPresets] Auto-saved last used.
[Info   :LoadoutPresets] Auto-saved last used.
[Info   :LoadoutPresets] Auto-saved last used.
